1..112
ok 1 - swank protocol ToWireString
ok 2 - swank protocol ToWireString
ok 3 - swank protocol ToWireString
ok 4 - swank protocol ToWireString
ok 5 - swank protocol ToWireString
ok 6 - swank protocol ToWireString
ok 7 - swank protocol ToWireString
ok 8 - swank protocol ToWireString
ok 9 - swank protocol ToWireString
ok 10 - swank protocol ToWireString
ok 11 - swank protocol ToWireString
ok 12 - swank protocol ToWireString
ok 13 - swank protocol ToWireString
ok 14 - swank protocol ToWireString
ok 15 - swank protocol ToWireString
ok 16 - swank protocol ToWireString
ok 17 - swank protocol ToWireString
ok 18 - swank protocol ToWireString
ok 19 - swank protocol ToWireString
ok 20 - swank protocol ToWireString
ok 21 - swank protocol ToWireString
ok 22 - swank protocol ToWireString
ok 23 - swank protocol ToWireString
ok 24 - swank protocol ToWireString
ok 25 - swank protocol ToWireString
ok 26 - swank protocol ToWireString
ok 27 - swank protocol ToWireString
ok 28 - swank protocol ToWireString
ok 29 - swank protocol ToWireString
ok 30 - swank protocol ToWireString
ok 31 - swank protocol ToWireString
ok 32 - swank protocol ToWireString
ok 33 - swank protocol ToWireString
ok 34 - swank protocol ToWireString
ok 35 - swank protocol ToWireString
ok 36 - swank protocol ToWireString
ok 37 - swank protocol ToWireString
ok 38 - swank protocol ToWireString
ok 39 - swank protocol ToWireString
ok 40 - swank protocol ToWireString
ok 41 - swank protocol ToWireString
ok 42 - swank protocol ToWireString
ok 43 - swank protocol ToWireString
ok 44 - swank protocol ToWireString
ok 45 - swank protocol ToWireString
ok 46 - swank protocol ToWireString
ok 47 - swank protocol ToWireString
ok 48 - swank protocol ToWireString
ok 49 - swank protocol ToWireString
ok 50 - swank protocol ToWireString
ok 51 - swank protocol ToWireString
ok 52 - swank protocol ToWireString
ok 53 - swank protocol ToWireString
ok 54 - swank protocol ToWireString
ok 55 - swank protocol ToWireString
ok 56 - swank protocol ToWireString
ok 57 - swank protocol ToWireString
ok 58 - swank protocol ToWireString
ok 59 - swank protocol ToWireString
ok 60 - swank protocol ToWireString
ok 61 - swank protocol ToWireString
ok 62 - swank protocol ToWireString
ok 63 - swank protocol ToWireString
ok 64 - swank protocol ToWireString
ok 65 - swank protocol ToWireString
ok 66 - swank protocol ToWireString
ok 67 - swank protocol ToWireString
ok 68 - swank protocol ToWireString
ok 69 - swank protocol ToWireString
ok 70 - swank protocol ToWireString
ok 71 - swank protocol ToWireString
ok 72 - swank protocol ToWireString
ok 73 - swank protocol ToWireString
ok 74 - swank protocol ToWireString
ok 75 - swank protocol ToWireString
ok 76 - swank protocol ToWireString
ok 77 - swank protocol ToWireString
ok 78 - swank protocol ToWireString
ok 79 - swank protocol ToWireString
ok 80 - swank protocol ToWireString
ok 81 - swank protocol ToWireString
ok 82 - swank protocol ToWireString
ok 83 - swank protocol ToWireString
ok 84 - swank protocol ToWireString
ok 85 - swank protocol ToWireString
ok 86 - swank protocol ToWireString
ok 87 - swank protocol ToWireString
ok 88 - swank protocol ToWireString
ok 89 - swank protocol ToWireString
ok 90 - swank protocol ToWireString
ok 91 - swank protocol ToWireString
ok 92 - swank protocol ToWireString
ok 93 - swank protocol ToWireString
ok 94 - swank protocol ToWireString
ok 95 - swank protocol ToWireString
ok 96 - swank protocol ToWireString
ok 97 - swank protocol ToWireString
ok 98 - swank protocol ToWireString
ok 99 - swank protocol ToWireString
ok 100 - swank protocol ToWireString
ok 101 - swank protocol ToWireString
ok 102 - swank protocol ToWireString
ok 103 - swank protocol ToWireString
ok 104 - swank protocol ToWireString
ok 105 - swank protocol ToWireString
ok 106 - swank protocol ToWireString
ok 107 - swank protocol ToWireString
ok 108 - swank protocol ToWireString
ok 109 - swank protocol ToWireString
ok 110 - swank protocol ToWireString
ok 111 - swank protocol ToWireString
ok 112 - swank protocol ToWireString
